hmi.c:104:13:change_active_tile_number	16	static
hmi.c:128:13:change_cursor_position_main	16	static
hmi.c:140:13:check_pending_flags_main	16	static
hmi.c:167:13:change_tile_cursor_edit	16	static
hmi.c:172:13:change_switch_cursor_edit	16	static
hmi.c:181:13:check_pending_flags_edit	24	static
hmi.c:210:13:hmi_read_eeprom	4	static
hmi.c:213:13:hmi_init_tft	8	static
hmi.c:223:13:hmi_active_screen	16	static
hmi.c:241:13:hmi_read_tile_function	24	static
hmi.c:274:6:hmi_main	8	static
hmi.c:307:6:HAL_UARTEx_RxEventCallback	16	static
hmi.c:313:13:draw_tile	40	static
hmi.c:326:13:draw_cursor	80	static
hmi.c:355:13:draw_main_screen	16	static
hmi.c:368:17:find_x_to_center_text	40	static
hmi.c:378:17:get_switch_cursor	24	static
hmi.c:398:13:draw_edit_menu	72	static
hmi.c:418:13:draw_wide_tile	32	static
hmi.c:440:13:draw_std_switch_txt	40	static
hmi.c:462:13:open_edit_menu	8	static
hmi.c:469:13:edit_tile	16	static
