hmi.c:127:6:hmi_main	8	static
hmi.c:160:6:HAL_UARTEx_RxEventCallback	16	static
hmi.c:168:13:mm_update_tile_cursor_pos	16	static
hmi.c:193:13:mm_change_tile_cursor_pos	16	static
hmi.c:205:13:mm_check_pending_flags	16	static
hmi.c:232:13:mm_active_screen	16	static
hmi.c:251:13:mm_open_edit_menu	16	static
hmi.c:266:17:em_get_switch_cursor	24	static
hmi.c:286:13:em_update_tile_cursor_pos	16	static
hmi.c:303:13:em_update_switch_cursor_pos	16	static
hmi.c:341:13:em_change_tile_cursor	16	static
hmi.c:353:13:em_change_switch_cursor	16	static
hmi.c:368:13:em_check_pending_flags	24	static
hmi.c:396:13:em_active_screen	16	static
hmi.c:410:13:init_read_eeprom	4	static
hmi.c:413:13:init_mm_tft	8	static
hmi.c:426:13:draw_tile	40	static
hmi.c:439:13:draw_cursor	80	static
hmi.c:468:13:draw_main_screen	16	static
hmi.c:482:13:draw_edit_menu	72	static
hmi.c:502:13:draw_wide_tile	32	static
hmi.c:528:13:draw_std_switch_txt	40	static
hmi.c:549:13:hmi_read_tile_function	24	static
hmi.c:584:17:ut_find_x_to_center_text	40	static
