hmi.c:83:6:hmi_main	8	static
hmi.c:134:6:HAL_UARTEx_RxEventCallback	16	static
hmi.c:142:13:mm_update_tile_cursor_pos	16	static
hmi.c:167:13:mm_change_tile_cursor_pos	16	static
hmi.c:179:28:mm_check_pending_flags	16	static
hmi.c:208:13:mm_active_screen	16	static
hmi.c:231:13:em_open_edit_menu	8	static
hmi.c:243:13:em_update_vertical_cursor_pos	16	static
hmi.c:275:13:em_update_horizontal_cursor_pos	16	static
hmi.c:331:13:em_change_vertical_tile	16	static
hmi.c:359:13:em_change_vertical_address	16	static
hmi.c:370:13:em_change_vertical_cursor	16	static
hmi.c:390:13:em_change_horizontal_cursor	16	static
hmi.c:419:13:em_update_std_switch	16	static
hmi.c:428:13:em_update_header	16	static
hmi.c:445:13:em_update_address_switch	16	static
hmi.c:465:13:em_update_exit_switch	16	static
hmi.c:474:13:em_enter_action	16	static
hmi.c:498:17:em_check_pending_flags	24	static
hmi.c:527:13:em_active_screen	16	static
hmi.c:541:13:init_read_eeprom	4	static
hmi.c:544:13:init_tft	8	static
hmi.c:553:13:init_main_menu	8	static
hmi.c:561:13:init_edit_menu	8	static
hmi.c:568:13:hmi_read_tile_function	24	static
