hmi.c:85:13:change_active_tile_number	16	static
hmi.c:109:13:change_cursor_position_main	16	static
hmi.c:121:13:check_pending_flags_main	16	static
hmi.c:148:13:change_tile_cursor_edit	16	static
hmi.c:153:13:change_switch_cursor_edit	16	static
hmi.c:158:13:check_pending_flags_edit	24	static
hmi.c:186:13:hmi_read_eeprom	4	static
hmi.c:189:13:hmi_init_tft	8	static
hmi.c:199:13:hmi_active_screen	16	static
hmi.c:217:13:hmi_read_tile_function	24	static
hmi.c:250:6:hmi_main	8	static
hmi.c:289:6:HAL_UARTEx_RxEventCallback	16	static
hmi.c:295:13:draw_tile	40	static
hmi.c:308:13:draw_cursor	80	static
hmi.c:337:13:draw_main_screen	16	static
hmi.c:350:17:find_x_to_center_text	40	static
hmi.c:360:13:draw_edit_menu	72	static
hmi.c:380:13:draw_wide_tile	32	static
hmi.c:404:13:open_edit_menu	8	static
hmi.c:411:13:edit_tile	48	static
