hmi.c:157:6:hmi_main	8	static
hmi.c:208:6:HAL_UARTEx_RxEventCallback	16	static
hmi.c:216:13:mm_update_tile_cursor_pos	16	static
hmi.c:241:13:mm_change_tile_cursor_pos	16	static
hmi.c:253:28:mm_check_pending_flags	16	static
hmi.c:282:13:mm_active_screen	16	static
hmi.c:305:13:em_open_edit_menu	8	static
hmi.c:317:17:em_get_switch_cursor	24	static
hmi.c:341:13:em_show_cursor_initial_value	32	static
hmi.c:361:13:em_update_vertical_cursor_pos	16	static
hmi.c:393:13:em_update_horizontal_cursor_pos	16	static
hmi.c:449:13:em_change_vertical_tile	16	static
hmi.c:477:13:em_change_vertical_address	16	static
hmi.c:488:13:em_change_vertical_cursor	16	static
hmi.c:508:13:em_change_horizontal_cursor	16	static
hmi.c:537:13:em_update_std_switch	16	static
hmi.c:546:13:em_update_header	16	static
hmi.c:563:13:em_update_address_switch	16	static
hmi.c:583:13:em_update_exit_switch	16	static
hmi.c:592:13:em_enter_action	16	static
hmi.c:616:17:em_check_pending_flags	24	static
hmi.c:645:13:em_active_screen	16	static
hmi.c:659:13:init_read_eeprom	4	static
hmi.c:662:13:init_tft	8	static
hmi.c:671:13:init_main_menu	8	static
hmi.c:679:13:init_edit_menu	8	static
hmi.c:689:13:draw_tile	40	static
hmi.c:702:13:draw_cursor	80	static
hmi.c:731:13:draw_main_screen	16	static
hmi.c:745:13:draw_edit_menu	72	static
hmi.c:765:13:draw_wide_tile	32	static
hmi.c:791:13:erase_std_switch_txt	48	static
hmi.c:817:13:draw_std_switch_txt	32	static
hmi.c:837:13:draw_arrows_icon	56	static
hmi.c:855:13:draw_address_cursor	40	static
hmi.c:874:13:draw_address_char	32	static
hmi.c:893:13:draw_exit_cursor	48	static
hmi.c:916:13:draw_update_tile_number	32	static
hmi.c:935:13:hmi_read_tile_function	24	static
hmi.c:970:17:ut_find_x_to_center_text	40	static
