hmi.c:82:13:change_active_tile_number	16	static
hmi.c:106:13:change_cursor_position	16	static
hmi.c:118:13:check_pending_flags	16	static
hmi.c:145:13:hmi_read_eeprom	4	static
hmi.c:148:13:hmi_init_tft	8	static
hmi.c:158:13:hmi_active_screen	16	static
hmi.c:176:13:hmi_read_tile_function	24	static
hmi.c:210:6:hmi_main	8	static
hmi.c:249:6:HAL_UARTEx_RxEventCallback	16	static
hmi.c:255:13:draw_tile	40	static
hmi.c:268:13:draw_cursor	80	static
hmi.c:298:13:draw_title_tile	32	static
hmi.c:311:13:draw_main_screen	16	static
hmi.c:324:17:find_x_to_center_text	40	static
hmi.c:334:13:draw_edit_menu	40	static
hmi.c:346:13:open_edit_menu	8	static
hmi.c:353:13:edit_tile	4	static
