hmi.c:52:6:hmi_main	8	static
hmi.c:105:6:hmi_read_tile_function	48	static
hmi.c:131:6:HAL_UARTEx_RxEventCallback	16	static
hmi.c:136:13:update_main_cursor_val	16	static
hmi.c:178:13:redraw_main_cursor	16	static
hmi.c:188:28:edit_screen_if_button_pressed	16	static
hmi.c:222:13:write_initial_values_to_tiles	16	static
hmi.c:233:13:main_menu_active	16	static
hmi.c:253:13:init_read_eeprom	4	static
hmi.c:255:13:init_tft	8	static
hmi.c:263:13:init_main_menu	8	static
hmi.c:272:13:init_edit_menu	8	static
hmi.c:279:13:edit_menu_active	8	static
hmi.c:289:13:wait_for_frame_until_timeout	16	static
hmi.c:305:13:call_tile_function	16	static
hmi.c:317:16:parse_text_from_frame	32	static
hmi.c:331:13:is_new_val_different	16	static
hmi.c:336:13:is_new_text_neccessary	56	static
