hmi.c:53:6:hmi_main	8	static
hmi.c:106:6:hmi_read_tile_function	48	static
hmi.c:132:6:HAL_UARTEx_RxEventCallback	16	static
hmi.c:137:13:update_main_cursor_val	16	static
hmi.c:179:13:redraw_main_cursor	16	static
hmi.c:189:28:edit_screen_if_button_pressed	16	static
hmi.c:223:13:write_initial_values_to_tiles	16	static
hmi.c:234:13:main_menu_active	16	static
hmi.c:254:13:init_read_eeprom	4	static
hmi.c:256:13:init_tft	8	static
hmi.c:264:13:init_main_menu	8	static
hmi.c:273:13:init_edit_menu	8	static
hmi.c:280:13:edit_menu_active	8	static
hmi.c:290:13:wait_for_frame_until_timeout	16	static
hmi.c:306:13:call_tile_function	16	static
hmi.c:318:16:parse_text_from_frame	32	static
hmi.c:332:13:is_new_val_different	16	static
hmi.c:337:13:is_new_text_neccessary	56	static
