hmi_edit_menu.c:82:6:em_open_edit_menu	16	static
hmi_edit_menu.c:92:21:em_active_screen	24	static
hmi_edit_menu.c:116:1:edit_menu_if_button_pressed	24	static
hmi_edit_menu.c:149:13:select_horiz_cursor_to_edit	16	static
hmi_edit_menu.c:180:13:redraw_horiz_header	16	static
hmi_edit_menu.c:202:13:redraw_horiz_std_switch	16	static
hmi_edit_menu.c:212:13:redraw_horiz_address_switch	16	static
hmi_edit_menu.c:232:13:redraw_horiz_exit_switch	16	static
hmi_edit_menu.c:241:13:update_horiz_cursor_pos	16	static
hmi_edit_menu.c:301:13:select_vert_cursor_to_edit	16	static
hmi_edit_menu.c:321:13:redraw_vert_address_char	16	static
hmi_edit_menu.c:332:13:redraw_vert_tile_cursor	16	static
hmi_edit_menu.c:361:13:update_vert_cursor_val	16	static
hmi_edit_menu.c:398:28:action_if_enter_pressed	24	static
hmi_edit_menu.c:439:13:show_arrows_icon_if_edit_active	16	static
hmi_edit_menu.c:456:24:get_callback_to_tile	24	static
hmi_edit_menu.c:485:13:save_data_to_tile	32	static
hmi_edit_menu.c:509:13:init_edit_menu_cursors	4	static
