hmi_edit_menu.c:56:6:em_open_edit_menu	8	static
hmi_edit_menu.c:66:21:em_active_screen	16	static
hmi_edit_menu.c:91:13:update_horiz_cursor_val	16	static
hmi_edit_menu.c:150:13:redraw_horiz_std_switch	16	static
hmi_edit_menu.c:159:13:redraw_horiz_address_switch	16	static
hmi_edit_menu.c:180:13:redraw_horiz_exit_switch	16	static
hmi_edit_menu.c:189:13:redraw_horiz_header	24	static
hmi_edit_menu.c:209:13:shift_vert_cursor_up	24	static
hmi_edit_menu.c:218:13:shift_vert_cursor_down	24	static
hmi_edit_menu.c:227:13:is_edit_mode_active	4	static
hmi_edit_menu.c:233:13:update_vert_cursor_val	16	static
hmi_edit_menu.c:266:13:select_horiz_cursor_to_edit	16	static
hmi_edit_menu.c:298:13:redraw_vert_address_char	16	static
hmi_edit_menu.c:309:13:redraw_vert_tile_cursor	16	static
hmi_edit_menu.c:338:13:select_vert_cursor_to_edit	16	static
hmi_edit_menu.c:358:13:show_arrows_icon_if_edit_active	16	static
hmi_edit_menu.c:374:28:action_if_enter_pressed	24	static
hmi_edit_menu.c:419:24:get_callback_to_tile	24	static
hmi_edit_menu.c:447:13:init_edit_menu_cursors	4	static
hmi_edit_menu.c:462:28:edit_menu_if_button_pressed	16	static
hmi_edit_menu.c:494:13:save_data_to_tile	24	static
